[2026-09-13T23:46:28+08:00] Launching building_wan
SLURM_JOB_ID=1149
CUDA_VISIBLE_DEVICES=0
CUDA GPU: NVIDIA A100 80GB PCIe
VRAM GiB: 79.3
[2026-09-13T23:46:30+08:00] Cache is empty; generating 81-frame cache.
┌──────────────────────────────────────────────────────────────────────┐
│ DiffSynth-Studio Model Downloader Configuration:                     │
│                                                                      │
│ [√] Download from https://modelscope.cn/                             │
│     (default behavior)                                               │
│ [ ] Download from https://modelscope.ai/                             │
│     (enabled via `export MODELSCOPE_ENDPOINT=https://modelscope.ai`) │
│ [ ] Download from https://huggingface.co/                            │
│     (enabled via `export DIFFSYNTH_DOWNLOAD_SOURCE=HuggingFace`)     │
│ [ ] Skip download and load only pre-downloaded model files           │
│     (enabled via `export DIFFSYNTH_SKIP_DOWNLOAD=True`)              │
└──────────────────────────────────────────────────────────────────────┘
Loading models from: "/home/share/CHUANJUN/building_wan/models/Wan2.1-T2V-1.3B/diffusion_pytorch_model.safetensors"
Loaded model: {
    "model_name": "wan_video_dit",
    "model_class": "diffsynth.models.wan_video_dit.WanModel",
    "extra_kwargs": {
        "has_image_input": false,
        "patch_size": [
            1,
            2,
            2
        ],
        "in_dim": 16,
        "dim": 1536,
        "ffn_dim": 8960,
        "freq_dim": 256,
        "text_dim": 4096,
        "out_dim": 16,
        "num_heads": 12,
        "num_layers": 30,
        "eps": 1e-06
    }
}
Loading models from: "/home/share/CHUANJUN/building_wan/models/Wan-Series-Converted-Safetensors/models_t5_umt5-xxl-enc-bf16.safetensors"
Loaded model: {
    "model_name": "wan_video_text_encoder",
    "model_class": "diffsynth.models.wan_video_text_encoder.WanTextEncoder",
    "extra_kwargs": null
}
Loading models from: "/home/share/CHUANJUN/building_wan/models/Wan-Series-Converted-Safetensors/Wan2.1_VAE.safetensors"
Loaded model: {
    "model_name": "wan_video_vae",
    "model_class": "diffsynth.models.wan_video_vae.WanVideoVAE",
    "extra_kwargs": null
}
Using wan_video_text_encoder from "/home/share/CHUANJUN/building_wan/models/Wan-Series-Converted-Safetensors/models_t5_umt5-xxl-enc-bf16.safetensors".
Using wan_video_dit from "/home/share/CHUANJUN/building_wan/models/Wan2.1-T2V-1.3B/diffusion_pytorch_model.safetensors".
Using wan_video_vae from "/home/share/CHUANJUN/building_wan/models/Wan-Series-Converted-Safetensors/Wan2.1_VAE.safetensors".
No wan_video_image_encoder models available. This is not an error.
No wan_video_motion_controller models available. This is not an error.
No wan_video_vace models available. This is not an error.
No wan_video_vap models available. This is not an error.
No wans2v_audio_encoder models available. This is not an error.
No wan_video_animate_adapter models available. This is not an error.
